// Jest Snapshot v1, https://goo.gl/fbAQLP

exports[`App -> render 1`] = `
<View
  style={
    Object {
      "backgroundColor": "#000",
      "height": "100vh",
    }
  }
/>
`;
